This field must be a boolean.
This field must be an int enum.
This field must be a string enum.
This field must be an array.
